// Jest Snapshot v1, https://goo.gl/fbAQLP

exports[`Pruebas en el componente <Nabvar/> Debe mostrarse correctamente 1`] = `
<nav
  className="navbar navbar-expand-lg navbar-dark bg-dark"
>
  <a
    className="navbar-brand"
    onClick={[Function]}
  >
    Asociaciones
  </a>
  <div
    className="navbar-collapse"
  >
    <div
      className="navbar-nav"
    >
      <a
        aria-current={null}
        className="nav-item nav-link"
        onClick={[Function]}
      >
        Marvel
      </a>
      <a
        aria-current={null}
        className="nav-item nav-link"
        onClick={[Function]}
      >
        DC
      </a>
      <a
        aria-current={null}
        className="nav-item nav-link"
        onClick={[Function]}
      >
        Search
      </a>
    </div>
  </div>
  <ul
    className="navbar-nav ml-auto"
  >
    <span
      className="nav-item nav-link text-info"
    >
      Deymer
    </span>
    <button
      className="nav-item nav-link btn"
      onClick={[Function]}
    >
       Logout
    </button>
  </ul>
</nav>
`;
